[2025-02-22T21:55:53.406] [INFO] default - Starting Nest application...
[2025-02-22T21:57:11.601] [INFO] default - Starting Nest application...
[2025-02-22T21:57:11.821] [INFO] default - App successfully configured Logger
[2025-02-22T21:57:11.821] [INFO] default - App successfully configured Filters
[2025-02-22T21:57:11.821] [INFO] default - App successfully configured Interceptors
[2025-02-22T21:57:11.821] [INFO] default - Nest app started with port [8091]
[2025-02-22T21:57:11.840] [INFO] default - AppController {/}:
[2025-02-22T21:57:11.841] [INFO] default - Mapped {/, GET} route
[2025-02-22T21:57:11.841] [INFO] default - UserController {/api/v1/account}:
[2025-02-22T21:57:11.842] [INFO] default - Mapped {/api/v1/account/users, POST} route
[2025-02-22T21:57:11.842] [INFO] default - UserController {/api/v1/account}:
[2025-02-22T21:57:11.842] [INFO] default - Mapped {/api/v1/account/users, POST} route
[2025-02-22T21:57:11.843] [INFO] default - Nest application successfully started
[2025-02-22T21:57:31.037] [INFO] log-aspect - Logging started: createUser
[2025-02-22T21:57:31.041] [INFO] user-service - Execute create user...
[2025-02-22T21:57:31.056] [ERROR] user-service - Error: Conflict
[2025-02-22T21:57:31.057] [ERROR] log-aspect - Logging finished: createUser failed after 19ms with error: Error: Conflict
    at UserService.save (/Users/nhannguyen/Documents/ITProject/opera-house-backend/account-service-v2/src/service/user.service.impl.ts:141:17)
    at process.processTicksAndRejections (node:internal/process/task_queues:105:5)
    at async UserController.createUser (/Users/nhannguyen/Documents/ITProject/opera-house-backend/account-service-v2/src/controller/user.controller.ts:18:18).
[2025-02-22T21:59:51.509] [INFO] log-aspect - Logging started: createUser
[2025-02-22T21:59:51.512] [INFO] user-service - Execute create user...
[2025-02-22T21:59:51.556] [INFO] user-service - User saved [khoapug@gmail.com]
[2025-02-22T21:59:51.556] [INFO] log-aspect - Logging finished: createUser finished in 48ms
[2025-02-22T22:05:41.731] [INFO] log-aspect - Logging started: createUser
[2025-02-22T22:05:41.737] [INFO] user-service - Execute create user...
[2025-02-22T22:05:41.779] [INFO] user-service - User saved [khoapug@gmail.com]
[2025-02-22T22:05:41.780] [INFO] log-aspect - Logging finished: createUser finished in 49ms
[2025-02-22T22:06:44.644] [INFO] log-aspect - Logging started: createUser
[2025-02-22T22:06:44.646] [INFO] user-service - Execute create user...
[2025-02-22T22:06:44.665] [ERROR] user-service - Error: Conflict
[2025-02-22T22:06:44.665] [ERROR] log-aspect - Logging finished: createUser failed after 21ms with error: Error: Conflict
    at UserService.save (/Users/nhannguyen/Documents/ITProject/opera-house-backend/account-service-v2/src/service/user.service.impl.ts:141:17)
    at process.processTicksAndRejections (node:internal/process/task_queues:105:5)
    at async UserController.createUser (/Users/nhannguyen/Documents/ITProject/opera-house-backend/account-service-v2/src/controller/user.controller.ts:18:18).
[2025-02-22T22:07:00.580] [INFO] log-aspect - Logging started: createUser
[2025-02-22T22:07:00.583] [INFO] user-service - Execute create user...
[2025-02-22T22:07:00.619] [INFO] user-service - User saved [khoapug@gmail.com]
[2025-02-22T22:07:00.619] [INFO] log-aspect - Logging finished: createUser finished in 39ms
[2025-02-22T22:16:43.293] [INFO] log-aspect - Logging started: createUser
[2025-02-22T22:16:43.299] [INFO] user-service - Execute create user...
[2025-02-22T22:16:43.326] [INFO] user-service - User saved [khoapug@gmail.com]
[2025-02-22T22:16:43.327] [INFO] log-aspect - Logging finished: createUser finished in 34ms
[2025-02-22T22:28:11.512] [INFO] log-aspect - Logging started: createUser
[2025-02-22T22:28:11.515] [INFO] user-service - Execute create user...
[2025-02-22T22:28:11.534] [INFO] user-service - User saved [khoapug@gmail.com]
[2025-02-22T22:28:11.535] [INFO] log-aspect - Logging finished: createUser finished in 23ms
[2025-02-22T22:30:05.155] [INFO] log-aspect - Logging started: createUser
[2025-02-22T22:30:05.157] [INFO] user-service - Execute create user...
[2025-02-22T22:30:05.177] [INFO] user-service - User saved [khoapug@gmail.com]
[2025-02-22T22:30:05.178] [INFO] log-aspect - Logging finished: createUser finished in 23ms
[2025-02-22T22:32:10.111] [INFO] log-aspect - Logging started: createUser
[2025-02-22T22:32:10.115] [INFO] user-service - Execute create user...
[2025-02-22T22:32:10.140] [INFO] user-service - User saved [khoapug@gmail.com]
[2025-02-22T22:32:10.141] [INFO] log-aspect - Logging finished: createUser finished in 30ms
[2025-02-22T22:33:00.718] [INFO] log-aspect - Logging started: createUser
[2025-02-22T22:33:00.725] [INFO] user-service - Execute create user...
[2025-02-22T22:33:00.741] [INFO] user-service - User saved [khoapug@gmail.com]
[2025-02-22T22:33:00.741] [INFO] log-aspect - Logging finished: createUser finished in 23ms
[2025-02-22T22:45:07.722] [INFO] log-aspect - Logging started: createUser
[2025-02-22T22:45:07.724] [INFO] user-service - Execute create user...
[2025-02-22T22:45:07.742] [INFO] user-service - User saved [khoapug@gmail.com]
[2025-02-22T22:45:07.742] [INFO] log-aspect - Logging finished: createUser finished in 20ms
[2025-02-22T23:03:58.375] [INFO] log-aspect - Logging started: createUser
[2025-02-22T23:03:58.376] [INFO] user-service - Execute create user...
[2025-02-22T23:03:58.400] [INFO] user-service - User saved [khoapug@gmail.com]
[2025-02-22T23:03:58.400] [INFO] log-aspect - Logging finished: createUser finished in 26ms
[2025-02-22T23:05:21.123] [INFO] log-aspect - Logging started: createUser
[2025-02-22T23:05:21.125] [INFO] user-service - Execute create user...
[2025-02-22T23:05:21.145] [INFO] user-service - User saved [khoapug@gmail.com]
[2025-02-22T23:05:21.145] [INFO] log-aspect - Logging finished: createUser finished in 23ms
[2025-02-22T23:09:25.139] [INFO] log-aspect - Logging started: createUser
[2025-02-22T23:09:25.141] [INFO] user-service - Execute create user...
[2025-02-22T23:09:25.163] [INFO] user-service - User saved [khoapug@gmail.com]
[2025-02-22T23:09:25.164] [INFO] log-aspect - Logging finished: createUser finished in 25ms
[2025-02-22T23:11:54.754] [INFO] log-aspect - Logging started: createUser
[2025-02-22T23:11:54.756] [INFO] user-service - Execute create user...
[2025-02-22T23:11:54.779] [INFO] user-service - User saved [khoapug@gmail.com]
[2025-02-22T23:11:54.779] [INFO] log-aspect - Logging finished: createUser finished in 25ms
[2025-02-22T23:14:48.129] [INFO] log-aspect - Logging started: createUser
[2025-02-22T23:14:48.131] [INFO] user-service - Execute create user...
[2025-02-22T23:14:48.160] [INFO] user-service - User saved [khoapug@gmail.com]
[2025-02-22T23:14:48.160] [INFO] log-aspect - Logging finished: createUser finished in 31ms
[2025-02-22T23:19:32.036] [INFO] log-aspect - Logging started: createUser
[2025-02-22T23:19:32.038] [INFO] user-service - Execute create user...
[2025-02-22T23:19:32.068] [INFO] user-service - User saved [khoapug@gmail.com]
[2025-02-22T23:19:32.068] [INFO] log-aspect - Logging finished: createUser finished in 32ms
[2025-02-22T23:20:04.428] [INFO] log-aspect - Logging started: createUser
[2025-02-22T23:20:04.431] [INFO] user-service - Execute create user...
[2025-02-22T23:20:04.450] [INFO] user-service - User saved [khoapug@gmail.com]
[2025-02-22T23:20:04.451] [INFO] log-aspect - Logging finished: createUser finished in 23ms
[2025-02-22T23:21:31.342] [INFO] log-aspect - Logging started: createUser
[2025-02-22T23:21:31.344] [INFO] user-service - Execute create user...
[2025-02-22T23:21:31.366] [INFO] user-service - User saved [khoapug@gmail.com]
[2025-02-22T23:21:31.367] [INFO] log-aspect - Logging finished: createUser finished in 25ms
[2025-02-22T23:33:58.873] [INFO] log-aspect - Logging started: createUser
[2025-02-22T23:33:58.874] [INFO] user-service - Execute create user...
[2025-02-22T23:33:58.889] [INFO] user-service - User saved [khoapug@gmail.com]
[2025-02-22T23:33:58.889] [INFO] log-aspect - Logging finished: createUser finished in 16ms
[2025-02-22T23:41:12.529] [INFO] log-aspect - Logging started: createUser
[2025-02-22T23:41:12.531] [INFO] user-service - Execute create user...
[2025-02-22T23:41:12.564] [INFO] user-service - User saved [khoapug@gmail.com]
[2025-02-22T23:41:12.564] [INFO] log-aspect - Logging finished: createUser finished in 36ms
[2025-02-22T23:45:00.377] [INFO] log-aspect - Logging started: createUser
[2025-02-22T23:45:00.379] [INFO] user-service - Execute create user...
[2025-02-22T23:45:00.401] [INFO] user-service - User saved [khoapug@gmail.com]
[2025-02-22T23:45:00.401] [INFO] log-aspect - Logging finished: createUser finished in 24ms
[2025-02-23T11:03:36.135] [INFO] log-aspect - Logging started: createUser
[2025-02-23T11:03:36.142] [INFO] user-service - Execute create user...
[2025-02-23T11:03:36.175] [INFO] user-service - User saved [khoapug@gmail.com]
[2025-02-23T11:03:36.177] [INFO] log-aspect - Logging finished: createUser finished in 44ms
[2025-02-23T11:05:01.479] [INFO] log-aspect - Logging started: createUser
[2025-02-23T11:05:01.483] [INFO] user-service - Execute create user...
[2025-02-23T11:05:01.514] [INFO] user-service - User saved [khoapug@gmail.com]
[2025-02-23T11:05:01.516] [INFO] log-aspect - Logging finished: createUser finished in 37ms
