[2025-04-06T20:02:03.581] [INFO] [default] - Starting Nest application...
[2025-04-06T20:02:03.645] [INFO] [default] - App successfully configured Logger
[2025-04-06T20:02:03.645] [INFO] [default] - App successfully configured Filters
[2025-04-06T20:02:03.645] [INFO] [default] - App successfully configured Interceptors
[2025-04-06T20:02:03.645] [INFO] [default] - Nest app started with port [8090]
[2025-04-06T20:02:03.647] [INFO] [default] - AppController {/}:
[2025-04-06T20:02:03.648] [INFO] [default] - Mapped {/actuator/health, GET} route
[2025-04-06T20:02:03.648] [INFO] [default] - AuthController {/api/v1/auth}:
[2025-04-06T20:02:03.648] [INFO] [default] - Mapped {/api/v1/auth/sign-in, POST} route
[2025-04-06T20:02:03.648] [INFO] [default] - Mapped {/api/v1/auth/sign-up, POST} route
[2025-04-06T20:02:03.648] [INFO] [default] - Mapped {/api/v1/auth/sign-in-admin, POST} route
[2025-04-06T20:02:03.649] [INFO] [default] - AuthController {/api/v1/auth}:
[2025-04-06T20:02:03.649] [INFO] [default] - Mapped {/api/v1/auth/sign-in, POST} route
[2025-04-06T20:02:03.649] [INFO] [default] - Mapped {/api/v1/auth/sign-up, POST} route
[2025-04-06T20:02:03.650] [INFO] [default] - Mapped {/api/v1/auth/sign-in-admin, POST} route
[2025-04-06T20:02:03.650] [INFO] [default] - Nest application successfully started
[06 04 2025 20:05:33.629] [INFO] [default] - Starting Nest application...
[06 04 2025 20:05:33.696] [INFO] [default] - App successfully configured Logger
[06 04 2025 20:05:33.696] [INFO] [default] - App successfully configured Filters
[06 04 2025 20:05:33.696] [INFO] [default] - App successfully configured Interceptors
[06 04 2025 20:05:33.696] [INFO] [default] - Nest app started with port [8090]
[06 04 2025 20:05:33.699] [INFO] [default] - AppController {/}:
[06 04 2025 20:05:33.699] [INFO] [default] - Mapped {/actuator/health, GET} route
[06 04 2025 20:05:33.699] [INFO] [default] - AuthController {/api/v1/auth}:
[06 04 2025 20:05:33.700] [INFO] [default] - Mapped {/api/v1/auth/sign-in, POST} route
[06 04 2025 20:05:33.700] [INFO] [default] - Mapped {/api/v1/auth/sign-up, POST} route
[06 04 2025 20:05:33.701] [INFO] [default] - Mapped {/api/v1/auth/sign-in-admin, POST} route
[06 04 2025 20:05:33.701] [INFO] [default] - AuthController {/api/v1/auth}:
[06 04 2025 20:05:33.701] [INFO] [default] - Mapped {/api/v1/auth/sign-in, POST} route
[06 04 2025 20:05:33.701] [INFO] [default] - Mapped {/api/v1/auth/sign-up, POST} route
[06 04 2025 20:05:33.701] [INFO] [default] - Mapped {/api/v1/auth/sign-in-admin, POST} route
[06 04 2025 20:05:33.702] [INFO] [default] - Nest application successfully started
[2025-04-06 20:12:43.164] [INFO] [default] - Starting Nest application...
[2025-04-06 20:12:43.236] [INFO] [default] - App successfully configured Logger
[2025-04-06 20:12:43.236] [INFO] [default] - App successfully configured Filters
[2025-04-06 20:12:43.237] [INFO] [default] - App successfully configured Interceptors
[2025-04-06 20:12:43.237] [INFO] [default] - Nest app started with port [8090]
[2025-04-06 20:12:43.239] [INFO] [default] - AppController {/}:
[2025-04-06 20:12:43.239] [INFO] [default] - Mapped {/actuator/health, GET} route
[2025-04-06 20:12:43.239] [INFO] [default] - AuthController {/api/v1/auth}:
[2025-04-06 20:12:43.240] [INFO] [default] - Mapped {/api/v1/auth/sign-in, POST} route
[2025-04-06 20:12:43.240] [INFO] [default] - Mapped {/api/v1/auth/sign-up, POST} route
[2025-04-06 20:12:43.240] [INFO] [default] - Mapped {/api/v1/auth/sign-in-admin, POST} route
[2025-04-06 20:12:43.240] [INFO] [default] - AuthController {/api/v1/auth}:
[2025-04-06 20:12:43.240] [INFO] [default] - Mapped {/api/v1/auth/sign-in, POST} route
[2025-04-06 20:12:43.240] [INFO] [default] - Mapped {/api/v1/auth/sign-up, POST} route
[2025-04-06 20:12:43.240] [INFO] [default] - Mapped {/api/v1/auth/sign-in-admin, POST} route
[2025-04-06 20:12:43.241] [INFO] [default] - Nest application successfully started
[2025-04-06 20:24:35.946] [INFO] [default] - Starting Nest application...
[2025-04-06 20:24:36.012] [INFO] [default] - App successfully configured Logger
[2025-04-06 20:24:36.012] [INFO] [default] - App successfully configured Filters
[2025-04-06 20:24:36.012] [INFO] [default] - App successfully configured Interceptors
[2025-04-06 20:24:36.013] [INFO] [default] - Nest app started with port [8090]
[2025-04-06 20:24:36.015] [INFO] [default] - AppController {/}:
[2025-04-06 20:24:36.015] [INFO] [default] - Mapped {/actuator/health, GET} route
[2025-04-06 20:24:36.015] [INFO] [default] - AuthController {/api/v1/auth}:
[2025-04-06 20:24:36.015] [INFO] [default] - Mapped {/api/v1/auth/sign-in, POST} route
[2025-04-06 20:24:36.016] [INFO] [default] - Mapped {/api/v1/auth/sign-up, POST} route
[2025-04-06 20:24:36.016] [INFO] [default] - Mapped {/api/v1/auth/sign-in-admin, POST} route
[2025-04-06 20:24:36.016] [INFO] [default] - AuthController {/api/v1/auth}:
[2025-04-06 20:24:36.016] [INFO] [default] - Mapped {/api/v1/auth/sign-in, POST} route
[2025-04-06 20:24:36.016] [INFO] [default] - Mapped {/api/v1/auth/sign-up, POST} route
[2025-04-06 20:24:36.016] [INFO] [default] - Mapped {/api/v1/auth/sign-in-admin, POST} route
[2025-04-06 20:24:36.024] [INFO] [default] - Nest application successfully started
